// Jest Snapshot v1, https://goo.gl/fbAQLP

exports[`SpreadSheet matches snapshot 1`] = `
<DocumentFragment>
  <div
    class="rowsncolumns-spreadsheet css-1vg4o6e"
  >
    <div
      class="css-1orsn65"
    >
      <div
        class="css-7xqqh5"
      >
        <button
          aria-disabled="true"
          aria-label="Undo"
          class="css-1kexuol-IconButton"
          disabled=""
          type="button"
        >
          <svg
            aria-hidden="true"
            class="css-thzv76"
            fill="currentColor"
            focusable="false"
            height="1em"
            stroke="currentColor"
            stroke-width="0"
            viewBox="0 0 24 24"
            width="1em"
            xmlns="http://www.w3.org/2000/svg"
          >
            <path
              d="M12.5 8c-2.65 0-5.05.99-6.9 2.6L2 7v9h9l-3.62-3.62c1.39-1.16 3.16-1.88 5.12-1.88 3.54 0 6.55 2.31 7.6 5.5l2.37-.78C21.08 11.03 17.15 8 12.5 8z"
            />
          </svg>
        </button>
        <button
          aria-disabled="true"
          aria-label="Redo"
          class="css-1kexuol-IconButton"
          disabled=""
          type="button"
        >
          <svg
            aria-hidden="true"
            class="css-thzv76"
            fill="currentColor"
            focusable="false"
            height="1em"
            stroke="currentColor"
            stroke-width="0"
            viewBox="0 0 24 24"
            width="1em"
            xmlns="http://www.w3.org/2000/svg"
          >
            <path
              d="M18.4 10.6C16.55 8.99 14.15 8 11.5 8c-4.65 0-8.58 3.03-9.96 7.22L3.9 16c1.05-3.19 4.05-5.5 7.6-5.5 1.95 0 3.73.72 5.12 1.88L13 16h9V7l-3.6 3.6z"
            />
          </svg>
        </button>
        <button
          aria-label="Clear formatting"
          class="css-1kexuol-IconButton"
          type="button"
        >
          <svg
            aria-hidden="true"
            class="css-thzv76"
            fill="currentColor"
            focusable="false"
            height="1em"
            stroke="currentColor"
            stroke-width="0"
            viewBox="0 0 24 24"
            width="1em"
            xmlns="http://www.w3.org/2000/svg"
          >
            <path
              d="M3.27 5L2 6.27l6.97 6.97L6.5 19h3l1.57-3.66L16.73 21 18 19.73 3.55 5.27 3.27 5zM6 5v.18L8.82 8h2.4l-.72 1.68 2.1 2.1L14.21 8H20V5H6z"
            />
          </svg>
        </button>
        <div
          class="css-1tpgmrf"
        />
        <button
          aria-controls="menu-84"
          aria-expanded="false"
          aria-haspopup="menu"
          class="css-ugbjed-Button"
          id="menubutton-85"
          role="button"
          type="button"
        >
          100%
          <svg
            class="css-ikpx3r"
            focusable="false"
            role="presentation"
            viewBox="0 0 24 24"
          >
            <path
              d="M16.59 8.59L12 13.17 7.41 8.59 6 10l6 6 6-6z"
              fill="currentColor"
            />
          </svg>
        </button>
        <div
          class="css-1tpgmrf"
        />
        <button
          aria-label="Format as currency"
          class="css-1kexuol-IconButton"
          type="button"
        >
          <svg
            aria-hidden="true"
            class="css-thzv76"
            fill="currentColor"
            focusable="false"
            height="1em"
            stroke="currentColor"
            stroke-width="0"
            viewBox="0 0 24 24"
            width="1em"
            xmlns="http://www.w3.org/2000/svg"
          >
            <path
              d="M11.8 10.9c-2.27-.59-3-1.2-3-2.15 0-1.09 1.01-1.85 2.7-1.85 1.78 0 2.44.85 2.5 2.1h2.21c-.07-1.72-1.12-3.3-3.21-3.81V3h-3v2.16c-1.94.42-3.5 1.68-3.5 3.61 0 2.31 1.91 3.46 4.7 4.13 2.5.6 3 1.48 3 2.41 0 .69-.49 1.79-2.7 1.79-2.06 0-2.87-.92-2.98-2.1h-2.2c.12 2.19 1.76 3.42 3.68 3.83V21h3v-2.15c1.95-.37 3.5-1.5 3.5-3.55 0-2.84-2.43-3.81-4.7-4.4z"
            />
          </svg>
        </button>
        <button
          aria-label="Format as percent"
          class="css-1i65xcc-IconButton"
          type="button"
        >
          %
        </button>
        <button
          aria-label="Decrease decimal places"
          class="css-13e49ei-IconButton"
          type="button"
        >
          <svg
            aria-hidden="true"
            fill="currentColor"
            focusable="false"
            height="1em"
            stroke="currentColor"
            stroke-width="0"
            viewBox="0 -6 24 24"
            width="1em"
            xmlns="http://www.w3.org/2000/svg"
          >
            <path
              d="M11.0119846,13 L16,13 L16,15 L11.0119846,15 L11.0119846,16.9944804 L9.03685276,15.0409865 L7.98433567,14 L9.03289155,12.9629313 L11.0119846,11.0055196 L11.0119846,13 Z M1,8 L2.99632026,8 L2.99632026,10 L1,10 L1,8 Z M3.99264052,3.99686968 C3.99264052,2.34174426 5.33709312,1 6.98804084,1 C8.64235476,1 9.98344117,2.34739093 9.98344117,3.99686968 L9.98344117,7.00313032 C9.98344117,8.65825574 8.63898856,10 6.98804084,10 C5.33372692,10 3.99264052,8.65260907 3.99264052,7.00313032 L3.99264052,3.99686968 Z M5.5,3.99857602 L5.5,7.00142398 C5.5,7.83497024 6.17157288,8.5 7,8.5 C7.83420277,8.5 8.5,7.82906466 8.5,7.00142398 L8.5,3.99857602 C8.5,3.16502976 7.82842712,2.5 7,2.5 C6.16579723,2.5 5.5,3.17093534 5.5,3.99857602 Z"
            />
          </svg>
        </button>
        <button
          aria-label="Increase decimal places"
          class="css-13e49ei-IconButton"
          type="button"
        >
          <svg
            aria-hidden="true"
            fill="currentColor"
            focusable="false"
            height="1em"
            stroke="currentColor"
            stroke-width="0"
            viewBox="0 -6 24 24"
            width="1em"
            xmlns="http://www.w3.org/2000/svg"
          >
            <path
              d="M0,7 L1.99632026,7 L1.99632026,9 L0,9 L0,7 Z M10,12 L15,12 L15,14 L10,14 L10,12 Z M16.9694527,11.9570946 L18,13.0188246 L16.9734025,14.0389803 L15,16 L15,10 L16.9694527,11.9570946 Z M2.99264052,2.99686968 C2.99264052,1.34174426 4.33709312,-1.59872116e-14 5.98804084,-1.59872116e-14 C7.64235476,-1.59872116e-14 8.98344117,1.34739093 8.98344117,2.99686968 L8.98344117,6.00313032 C8.98344117,7.65825574 7.63898856,9 5.98804084,9 C4.33372692,9 2.99264052,7.65260907 2.99264052,6.00313032 L2.99264052,2.99686968 Z M4.5,2.99857602 L4.5,6.00142398 C4.5,6.83497024 5.17157288,7.5 6,7.5 C6.83420277,7.5 7.5,6.82906466 7.5,6.00142398 L7.5,2.99857602 C7.5,2.16502976 6.82842712,1.5 6,1.5 C5.16579723,1.5 4.5,2.17093534 4.5,2.99857602 Z M9.99264052,2.99686968 C9.99264052,1.34174426 11.3370931,-1.59872116e-14 12.9880408,-1.59872116e-14 C14.6423548,-1.59872116e-14 15.9834412,1.34739093 15.9834412,2.99686968 L15.9834412,6.00313032 C15.9834412,7.65825574 14.6389886,9 12.9880408,9 C11.3337269,9 9.99264052,7.65260907 9.99264052,6.00313032 L9.99264052,2.99686968 Z M11.5,2.99857602 L11.5,6.00142398 C11.5,6.83497024 12.1715729,7.5 13,7.5 C13.8342028,7.5 14.5,6.82906466 14.5,6.00142398 L14.5,2.99857602 C14.5,2.16502976 13.8284271,1.5 13,1.5 C12.1657972,1.5 11.5,2.17093534 11.5,2.99857602 Z"
            />
          </svg>
        </button>
        <button
          aria-controls="menu-91"
          aria-expanded="false"
          aria-haspopup="menu"
          class="css-10blnvu-Button"
          id="menubutton-92"
          role="button"
          type="button"
        >
          <div
            class="css-1qxtz39"
          >
            123
          </div>
          <svg
            class="css-1cekpma"
            focusable="false"
            role="presentation"
            viewBox="0 0 24 24"
          >
            <path
              d="M16.59 8.59L12 13.17 7.41 8.59 6 10l6 6 6-6z"
              fill="currentColor"
            />
          </svg>
        </button>
        <div
          class="css-1tpgmrf"
        />
        <button
          aria-controls="menu-94"
          aria-expanded="false"
          aria-haspopup="menu"
          class="css-1i925df-Button"
          id="menubutton-95"
          role="button"
          type="button"
        >
          <div
            class="css-5zbdfe"
          >
            Arial
          </div>
          <svg
            class="css-1cekpma"
            focusable="false"
            role="presentation"
            viewBox="0 0 24 24"
          >
            <path
              d="M16.59 8.59L12 13.17 7.41 8.59 6 10l6 6 6-6z"
              fill="currentColor"
            />
          </svg>
        </button>
        <div
          class="css-1tpgmrf"
        />
        <div
          class="css-79elbk"
        >
          <div
            class="css-70qvj9"
          >
            <input
              aria-label="select-input"
              style="width: 44px; height: 24px; padding-left: 4px; padding-right: 2px; border-color: #cbd5e0; background: rgb(255, 255, 255); color: rgb(26, 32, 44); border-style: solid; border-width: 1px; font-size: 12px;"
              value="10"
            />
            <button
              aria-label="Open"
              class="css-qvndex-IconButton"
              type="button"
            >
              <svg
                aria-hidden="true"
                class="css-1im46kq"
                focusable="false"
                role="presentation"
                viewBox="0 0 24 24"
              >
                <path
                  d="M16.59 8.59L12 13.17 7.41 8.59 6 10l6 6 6-6z"
                  fill="currentColor"
                />
              </svg>
            </button>
          </div>
          <div
            aria-label="list"
            class="css-b0ps0v"
          />
        </div>
        <div
          class="css-1tpgmrf"
        />
        <button
          aria-label="Bold"
          class="css-1n8ix15-IconButton"
          type="button"
        >
          <svg
            aria-hidden="true"
            class="css-thzv76"
            fill="currentColor"
            focusable="false"
            height="1em"
            stroke="currentColor"
            stroke-width="0"
            viewBox="0 0 24 24"
            width="1em"
            xmlns="http://www.w3.org/2000/svg"
          >
            <path
              d="M15.6 10.79c.97-.67 1.65-1.77 1.65-2.79 0-2.26-1.75-4-4-4H7v14h7.04c2.09 0 3.71-1.7 3.71-3.79 0-1.52-.86-2.82-2.15-3.42zM10 6.5h3c.83 0 1.5.67 1.5 1.5s-.67 1.5-1.5 1.5h-3v-3zm3.5 9H10v-3h3.5c.83 0 1.5.67 1.5 1.5s-.67 1.5-1.5 1.5z"
            />
          </svg>
        </button>
        <button
          aria-label="Italic"
          class="css-1n8ix15-IconButton"
          type="button"
        >
          <svg
            aria-hidden="true"
            class="css-thzv76"
            fill="currentColor"
            focusable="false"
            height="1em"
            stroke="currentColor"
            stroke-width="0"
            viewBox="0 0 24 24"
            width="1em"
            xmlns="http://www.w3.org/2000/svg"
          >
            <path
              d="M10 4v3h2.21l-3.42 8H6v3h8v-3h-2.21l3.42-8H18V4z"
            />
          </svg>
        </button>
        <button
          aria-label="Underline"
          class="css-1n8ix15-IconButton"
          type="button"
        >
          <svg
            aria-hidden="true"
            class="css-thzv76"
            fill="currentColor"
            focusable="false"
            height="1em"
            stroke="currentColor"
            stroke-width="0"
            viewBox="0 0 24 24"
            width="1em"
            xmlns="http://www.w3.org/2000/svg"
          >
            <path
              d="M12 17c3.31 0 6-2.69 6-6V3h-2.5v8c0 1.93-1.57 3.5-3.5 3.5S8.5 12.93 8.5 11V3H6v8c0 3.31 2.69 6 6 6zm-7 2v2h14v-2H5z"
            />
          </svg>
        </button>
        <button
          aria-label="Strikethrough"
          class="css-1n8ix15-IconButton"
          type="button"
        >
          <svg
            aria-hidden="true"
            class="css-thzv76"
            fill="currentColor"
            focusable="false"
            height="1em"
            stroke="currentColor"
            stroke-width="0"
            viewBox="0 0 24 24"
            width="1em"
            xmlns="http://www.w3.org/2000/svg"
          >
            <path
              d="M7.24 8.75c-.26-.48-.39-1.03-.39-1.67 0-.61.13-1.16.4-1.67.26-.5.63-.93 1.11-1.29.48-.35 1.05-.63 1.7-.83.66-.19 1.39-.29 2.18-.29.81 0 1.54.11 2.21.34.66.22 1.23.54 1.69.94.47.4.83.88 1.08 1.43.25.55.38 1.15.38 1.81h-3.01c0-.31-.05-.59-.15-.85-.09-.27-.24-.49-.44-.68-.2-.19-.45-.33-.75-.44-.3-.1-.66-.16-1.06-.16-.39 0-.74.04-1.03.13-.29.09-.53.21-.72.36-.19.16-.34.34-.44.55-.1.21-.15.43-.15.66 0 .48.25.88.74 1.21.38.25.77.48 1.41.7H7.39c-.05-.08-.11-.17-.15-.25zM21 12v-2H3v2h9.62c.18.07.4.14.55.2.37.17.66.34.87.51.21.17.35.36.43.57.07.2.11.43.11.69 0 .23-.05.45-.14.66-.09.2-.23.38-.42.53-.19.15-.42.26-.71.35-.29.08-.63.13-1.01.13-.43 0-.83-.04-1.18-.13s-.66-.23-.91-.42c-.25-.19-.45-.44-.59-.75-.14-.31-.25-.76-.25-1.21H6.4c0 .55.08 1.13.24 1.58.16.45.37.85.65 1.21.28.35.6.66.98.92.37.26.78.48 1.22.65.44.17.9.3 1.38.39.48.08.96.13 1.44.13.8 0 1.53-.09 2.18-.28s1.21-.45 1.67-.79c.46-.34.82-.77 1.07-1.27s.38-1.07.38-1.71c0-.6-.1-1.14-.31-1.61-.05-.11-.11-.23-.17-.33H21z"
            />
          </svg>
        </button>
        <div
          aria-controls="popover-101"
          aria-expanded="false"
          aria-haspopup="dialog"
          class="css-0"
        >
          <button
            aria-label="Text color"
            class="css-1nnm541-Button"
            type="button"
          >
            <svg
              fill="currentColor"
              height="1em"
              stroke="currentColor"
              stroke-width="0"
              viewBox="0 0 24 24"
              width="1em"
              xmlns="http://www.w3.org/2000/svg"
            >
              <path
                d="M2.5 4v3h5v12h3V7h5V4h-13zm19 5h-9v3h3v7h3v-7h3V9z"
              />
            </svg>
            <div
              class="css-16yl3u9"
            />
          </button>
        </div>
        <div
          class="css-1tpgmrf"
        />
        <div
          aria-controls="popover-103"
          aria-expanded="false"
          aria-haspopup="dialog"
          class="css-0"
        >
          <button
            aria-label="Fill color"
            class="css-1nnm541-Button"
            type="button"
          >
            <svg
              fill="currentColor"
              height="1em"
              stroke="currentColor"
              stroke-width="0"
              viewBox="0 0 512 512"
              width="1em"
              xmlns="http://www.w3.org/2000/svg"
            >
              <path
                d="M136.5 77.7l37 67L32 285.7 216.4 464l152.4-148.6 54.4-11.4L166.4 48l-29.9 29.7zm184 208H114.9l102.8-102.3 102.8 102.3zM423.3 304s-56.7 61.5-56.7 92.1c0 30.7 25.4 55.5 56.7 55.5 31.3 0 56.7-24.9 56.7-55.5S423.3 304 423.3 304z"
              />
            </svg>
            <div
              class="css-16yl3u9"
            />
          </button>
        </div>
        <div
          aria-controls="popover-105"
          aria-expanded="false"
          aria-haspopup="dialog"
          class="css-0"
        >
          <button
            aria-label="Borders"
            class="css-fztn31-IconButton"
            type="button"
          >
            <svg
              aria-hidden="true"
              class="css-thzv76"
              fill="currentColor"
              focusable="false"
              height="1em"
              stroke="currentColor"
              stroke-width="0"
              viewBox="0 0 24 24"
              width="1em"
              xmlns="http://www.w3.org/2000/svg"
            >
              <path
                d="M3 3v18h18V3H3zm8 16H5v-6h6v6zm0-8H5V5h6v6zm8 8h-6v-6h6v6zm0-8h-6V5h6v6z"
              />
            </svg>
          </button>
        </div>
        <button
          aria-label="Merge cells"
          class="css-1n8ix15-IconButton"
          type="button"
        >
          <svg
            aria-hidden="true"
            fill="currentColor"
            focusable="false"
            height="1em"
            stroke="currentColor"
            stroke-width="0"
            viewBox="-1 -1 20 20"
            width="1em"
            xmlns="http://www.w3.org/2000/svg"
          >
            <path
              d="M3,6 L1,6 L1,2 L8,2 L8,4 L3,4 L3,6 Z M10,4 L10,2 L17,2 L17,6 L15,6 L15,4 L10,4 Z M10,14 L15,14 L15,12 L17,12 L17,16 L10,16 L10,14 Z M1,12 L3,12 L3,14 L8,14 L8,16 L1,16 L1,12 Z M1,8 L5,8 L5,6 L8,9 L5,12 L5,10 L1,10 L1,8 Z M10,9 L13,6 L13,8 L17,8 L17,10 L13,10 L13,12 L10,9 Z"
            />
          </svg>
        </button>
        <div
          aria-controls="popover-108"
          aria-expanded="false"
          aria-haspopup="dialog"
          class="css-0"
        >
          <button
            aria-label="Freeze rows and columns"
            class="css-1n8ix15-IconButton"
            type="button"
          >
            <svg
              aria-hidden="true"
              class="css-thzv76"
              fill="currentColor"
              focusable="false"
              height="1em"
              stroke="currentColor"
              stroke-width="0"
              viewBox="0 0 16 16"
              width="1em"
              xmlns="http://www.w3.org/2000/svg"
            >
              <path
                clip-rule="evenodd"
                d="M15 2H1v12h14V2zM1 1a1 1 0 00-1 1v12a1 1 0 001 1h14a1 1 0 001-1V2a1 1 0 00-1-1H1z"
                fill-rule="evenodd"
              />
              <path
                clip-rule="evenodd"
                d="M7.5 14V2h1v12h-1zm0-8H1V5h6.5v1zm7.5 5H8.5v-1H15v1z"
                fill-rule="evenodd"
              />
            </svg>
          </button>
        </div>
        <div
          class="css-1tpgmrf"
        />
        <div
          aria-controls="popover-110"
          aria-expanded="false"
          aria-haspopup="dialog"
          class="css-0"
        >
          <button
            aria-label="Horizontal align"
            class="css-1n8ix15-IconButton"
            type="button"
          >
            <svg
              aria-hidden="true"
              class="css-thzv76"
              fill="currentColor"
              focusable="false"
              height="1em"
              stroke="currentColor"
              stroke-width="0"
              viewBox="0 0 24 24"
              width="1em"
              xmlns="http://www.w3.org/2000/svg"
            >
              <path
                d="M15 15H3v2h12v-2zm0-8H3v2h12V7zM3 13h18v-2H3v2zm0 8h18v-2H3v2zM3 3v2h18V3H3z"
              />
            </svg>
          </button>
        </div>
        <div
          aria-controls="popover-112"
          aria-expanded="false"
          aria-haspopup="dialog"
          class="css-0"
        >
          <button
            aria-label="Vertical align"
            class="css-1n8ix15-IconButton"
            type="button"
          >
            <svg
              aria-hidden="true"
              class="css-thzv76"
              fill="currentColor"
              focusable="false"
              height="1em"
              stroke="currentColor"
              stroke-width="0"
              viewBox="0 0 24 24"
              width="1em"
              xmlns="http://www.w3.org/2000/svg"
            >
              <path
                d="M16 13h-3V3h-2v10H8l4 4 4-4zM4 19v2h16v-2H4z"
              />
            </svg>
          </button>
        </div>
        <div
          aria-controls="popover-114"
          aria-expanded="false"
          aria-haspopup="dialog"
          class="css-0"
        >
          <button
            aria-label="Text wrapping"
            class="css-1n8ix15-IconButton"
            type="button"
          >
            <svg
              aria-hidden="true"
              fill="currentColor"
              focusable="false"
              height="1em"
              stroke="currentColor"
              stroke-width="0"
              viewBox="0 -6 24 24"
              width="1em"
              xmlns="http://www.w3.org/2000/svg"
            >
              <path
                d="M0,0 L2,0 L2,14 L0,14 L0,0 Z M12,0 L14,0 L14,14 L12,14 L12,0 Z M4,6 L12,6 L12,8 L4,8 L4,6 Z"
              />
            </svg>
          </button>
        </div>
      </div>
      <div
        class="css-1nylpq2"
      >
        <button
          aria-label="Switch to dark mode"
          class="css-fztn31-IconButton"
          type="button"
        >
          <svg
            aria-hidden="true"
            class="css-thzv76"
            fill="currentColor"
            focusable="false"
            height="1em"
            stroke="currentColor"
            stroke-width="0"
            viewBox="0 0 512 512"
            width="1em"
            xmlns="http://www.w3.org/2000/svg"
          >
            <path
              d="M195 125c0-26.3 5.3-51.3 14.9-74.1C118.7 73 51 155.1 51 253c0 114.8 93.2 208 208 208 97.9 0 180-67.7 202.1-158.9-22.8 9.6-47.9 14.9-74.1 14.9-106 0-192-86-192-192z"
            />
          </svg>
        </button>
      </div>
    </div>
    <div
      class="css-79elbk"
    >
      <div
        class="css-f7ejuk"
      >
        <div
          class="css-113xb0u"
        >
          fx
        </div>
        <div
          style="font-family: -apple-system,BlinkMacSystemFont,Segoe UI,Helvetica,Arial,sans-serif,Apple Color Emoji,Segoe UI Emoji; font-size: 13px; font-weight: normal; width: 100%; height: 100%; padding: 0px 1px; margin: 0px; box-sizing: border-box; border-width: 0px; outline: none; resize: none; overflow: hidden; vertical-align: top; background: transparent; color: rgb(0, 0, 0); white-space: pre-wrap; text-align: left; line-height: normal; text-decoration: none; cursor: text; flex: 1;"
        >
          <div
            contenteditable="true"
            data-gramm="false"
            data-slate-editor="true"
            data-slate-node="value"
            role="textbox"
            style="outline: none; white-space: pre-wrap; word-wrap: break-word;"
          >
            <div
              data-slate-node="element"
              style="position: relative;"
            >
              <span
                data-slate-node="text"
              >
                <span
                  data-slate-leaf="true"
                >
                  <span
                    data-slate-length="0"
                    data-slate-zero-width="n"
                  >
                    ﻿
                    <br />
                  </span>
                </span>
              </span>
            </div>
          </div>
        </div>
      </div>
      <div
        style="user-select: none; height: 4px; position: absolute; left: 0px; margin-top: -4px; top: 24px; right: 0px; z-index: 1; cursor: ns-resize;"
      />
    </div>
    <div
      class="css-dnm8vv"
    >
      <div
        class="css-oqtn58"
      >
        <div
          class="rowsncolumns-grid"
          style="position: relative; width: 0px; user-select: none;"
        >
          <div
            class="rowsncolumns-grid-container"
            tabindex="0"
          >
            <div>
              <div
                class="konvajs-content"
                role="presentation"
                style="position: relative; user-select: none; width: 0px; height: 0px;"
              >
                <canvas
                  height="0"
                  style="padding: 0px; margin: 0px; border: 0px; background: transparent; position: absolute; top: 0px; left: 0px; width: 0px; height: 0px; display: block;"
                  width="0"
                />
              </div>
            </div>
          </div>
          <div
            style="pointer-events: none;"
          >
            <div
              style="position: absolute; left: 46px; top: 24px; right: 0px; bottom: 0px; overflow: hidden;"
            >
              <div
                style="transform: translate(-46px, -24px);"
              >
                <div
                  style="position: absolute; top: 24px; left: 46px; height: 20px; width: 99px; background-color: transparent; opacity: 1; user-select: none; pointer-events: none;"
                />
                <div
                  style="position: absolute; left: 46px; top: 24px; width: 99px; height: 2px; border-width: 0px; border-color: #1a73e8; border-top-width: 2px; border-style: solid; pointer-events: none;"
                />
                <div
                  style="position: absolute; left: 145px; top: 24px; width: 2px; height: 20px; border-width: 0px; border-color: #1a73e8; border-right-width: 2px; border-style: solid; pointer-events: none;"
                />
                <div
                  style="position: absolute; left: 46px; top: 44px; width: 101px; height: 2px; border-width: 0px; border-color: #1a73e8; border-bottom-width: 2px; border-style: solid; pointer-events: none;"
                />
                <div
                  style="position: absolute; left: 46px; top: 24px; width: 2px; height: 20px; border-width: 0px; border-color: #1a73e8; border-left-width: 2px; border-style: solid; pointer-events: none;"
                />
                <div
                  style="position: absolute; left: 142px; top: 41px; width: 8px; height: 8px; border: 1px solid white; background: rgb(26, 115, 232); cursor: crosshair; pointer-events: all;"
                />
              </div>
            </div>
            <div
              style="position: absolute; width: 54px; top: 24px; left: 0px; bottom: 0px; overflow: hidden;"
            >
              <div
                style="transform: translate(0, -24px);"
              >
                <div
                  style="position: absolute; left: 142px; top: 41px; width: 8px; height: 8px; border: 1px solid white; background: rgb(26, 115, 232); cursor: crosshair; pointer-events: all;"
                />
              </div>
            </div>
            <div
              style="position: absolute; height: 32px; left: 46px; right: 0px; top: 0px; overflow: hidden;"
            >
              <div
                style="transform: translate(-46px, 0);"
              >
                <div
                  style="position: absolute; left: 142px; top: 41px; width: 8px; height: 8px; border: 1px solid white; background: rgb(26, 115, 232); cursor: crosshair; pointer-events: all;"
                />
              </div>
            </div>
            <div
              style="position: absolute; height: 32px; width: 54px; left: 0px; top: 0px; overflow: hidden; pointer-events: none;"
            >
              <div
                style="position: absolute; left: 142px; top: 41px; width: 8px; height: 8px; border: 1px solid white; background: rgb(26, 115, 232); cursor: crosshair; pointer-events: all;"
              />
            </div>
          </div>
          <div
            class="rowsncolumns-grid-scrollbar rowsncolumns-grid-scrollbar-y"
            style="height: 0px; overflow: scroll; position: absolute; right: 0px; top: 0px; width: 13px; will-change: transform;"
            tabindex="-1"
          >
            <div
              style="position: absolute; height: 49937px; width: 1px;"
            />
          </div>
          <div
            class="rowsncolumns-grid-scrollbar rowsncolumns-grid-scrollbar-x"
            style="overflow: scroll; position: absolute; bottom: 0px; left: 0px; width: 0px; height: 13px; will-change: transform;"
            tabindex="-1"
          >
            <div
              style="position: absolute; width: 1496px; height: 1px;"
            />
          </div>
        </div>
      </div>
    </div>
    <div
      class="css-k008qs"
    >
      <div
        class="css-3fbcqq"
      >
        <div
          class="css-p3mm8q"
        >
          <button
            aria-label="Add sheet"
            class="css-1lm5mrm-IconButton"
            type="button"
          >
            <svg
              aria-hidden="true"
              class="css-thzv76"
              fill="currentColor"
              focusable="false"
              height="1em"
              stroke="currentColor"
              stroke-width="0"
              viewBox="0 0 12 16"
              width="1em"
              xmlns="http://www.w3.org/2000/svg"
            >
              <path
                d="M12 9H7v5H5V9H0V7h5V2h2v5h5v2z"
                fill-rule="evenodd"
              />
            </svg>
          </button>
          <div
            aria-controls="popover-118"
            aria-expanded="false"
            aria-haspopup="dialog"
            class="css-0"
          >
            <button
              aria-label="All sheets"
              class="css-1lm5mrm-IconButton"
              type="button"
            >
              <svg
                aria-hidden="true"
                class="css-thzv76"
                fill="currentColor"
                focusable="false"
                height="1em"
                stroke="currentColor"
                stroke-width="0"
                viewBox="0 0 24 24"
                width="1em"
                xmlns="http://www.w3.org/2000/svg"
              >
                <path
                  d="M3 18h18v-2H3v2zm0-5h18v-2H3v2zm0-7v2h18V6H3z"
                />
              </svg>
            </button>
          </div>
          <div
            class="css-197w9ay"
          >
            <div
              class="css-1rhyqv4"
            >
              <div
                class="css-zyhllg"
              />
              <div
                class="css-flwtc3-Button"
                type="button"
              >
                Sheet1
                <button
                  aria-controls="popover-120"
                  aria-expanded="false"
                  aria-haspopup="dialog"
                  aria-label="More"
                  class="css-1f0zx3c-IconButton"
                  type="button"
                >
                  <svg
                    aria-hidden="true"
                    class="css-thzv76"
                    fill="currentColor"
                    focusable="false"
                    height="1em"
                    stroke="currentColor"
                    stroke-width="0"
                    viewBox="0 0 24 24"
                    width="1em"
                    xmlns="http://www.w3.org/2000/svg"
                  >
                    <path
                      d="M7 10l5 5 5-5z"
                    />
                  </svg>
                </button>
              </div>
            </div>
          </div>
        </div>
        <div
          class="css-1w0q0cj"
        />
      </div>
    </div>
  </div>
</DocumentFragment>
`;
