// Jest Snapshot v1, https://goo.gl/fbAQLP

exports[`Editor matches snapshot 1`] = `
<DocumentFragment>
  <div
    style="top: 0px; left: 0px; position: absolute; width: 201px; height: 21px; padding: 1px; box-shadow: 0 2px 6px 2px rgba(60,64,67,.15); border: 2px solid #1a73e8; background: white; display: flex; flex-direction: column;"
  >
    <div
      style="font-family: Arial; font-size: 13px; font-weight: normal; width: 100%; height: 100%; padding: 0px 1px; margin: 0px; box-sizing: border-box; border-width: 0px; outline: none; resize: none; overflow: auto; vertical-align: top; background: transparent; color: black; white-space: pre-wrap; line-height: normal; text-decoration: none; cursor: text; flex: 1; display: flex;"
    >
      <div
        contenteditable="true"
        data-gramm="false"
        data-slate-editor="true"
        data-slate-node="value"
        role="textbox"
        style="outline: none; white-space: pre-wrap; word-wrap: break-word; flex: 1;"
      >
        <div
          data-slate-node="element"
          style="position: relative;"
        >
          <span
            data-slate-node="text"
          >
            <span
              data-slate-leaf="true"
            >
              <span
                data-slate-string="true"
              >
                hello world
              </span>
            </span>
          </span>
        </div>
      </div>
    </div>
  </div>
</DocumentFragment>
`;
